TAP version 13
ok 1 - Eloquent\Equality\ComparatorTest::testEquals with data set "String comparison equal" ('foo', 'foo', true)
ok 2 - Eloquent\Equality\ComparatorTest::testEquals with data set "String comparison inequal" ('foo', 'bar', false)
ok 3 - Eloquent\Equality\ComparatorTest::testEquals with data set "String comparison inequal strict" ('0', 0, false)
ok 4 - Eloquent\Equality\ComparatorTest::testEquals with data set "Integer comparison equal" (111, 111, true)
ok 5 - Eloquent\Equality\ComparatorTest::testEquals with data set "Integer comparison inequal" (111, 222, false)
ok 6 - Eloquent\Equality\ComparatorTest::testEquals with data set "Float comparison equal" (1.11, 1.11, true)
ok 7 - Eloquent\Equality\ComparatorTest::testEquals with data set "Float comparison inequal" (1.11, 2.22, false)
ok 8 - Eloquent\Equality\ComparatorTest::testEquals with data set "Boolean comparison equal" (true, true, true)
ok 9 - Eloquent\Equality\ComparatorTest::testEquals with data set "Boolean comparison inequal" (true, false, false)
ok 10 - Eloquent\Equality\ComparatorTest::testEquals with data set "Null comparison equal" (NULL, NULL, true)
ok 11 - Eloquent\Equality\ComparatorTest::testEquals with data set "Null comparison inequal" (NULL, 0, false)
ok 12 - Eloquent\Equality\ComparatorTest::testEquals with data set "Array comparison equal" (array('foo', 'bar'), array('foo', 'bar'), true)
ok 13 - Eloquent\Equality\ComparatorTest::testEquals with data set "Array comparison inequal" (array('foo', 0), array('foo', NULL), false)
ok 14 - Eloquent\Equality\ComparatorTest::testEquals with data set "Array comparison inequal (differing keys)" (array('foo', 'bar'), array('foo'), false)
ok 15 - Eloquent\Equality\ComparatorTest::testEquals with data set "Array comparison inequal (with non-array)" (array('foo', 'bar'), 'foo', false)
ok 16 - Eloquent\Equality\ComparatorTest::testEquals with data set "Associative array comparison equal" (array('bar', 'qux'), array('bar', 'qux'), true)
ok 17 - Eloquent\Equality\ComparatorTest::testEquals with data set "Associative array comparison inequal" (array('bar', 0), array('bar', NULL), false)
ok 18 - Eloquent\Equality\ComparatorTest::testEquals with data set "Associative array comparison inequal (differing keys)" (array('bar', 'qux'), array('bar'), false)
ok 19 - Eloquent\Equality\ComparatorTest::testEquals with data set "Simple object comparison equal" (stdClass, stdClass, true)
ok 20 - Eloquent\Equality\ComparatorTest::testEquals with data set "Simple object comparison inequal" (stdClass, stdClass, false)
ok 21 - Eloquent\Equality\ComparatorTest::testEquals with data set "Simple object comparison inequal (differing properties)" (stdClass, stdClass, false)
ok 22 - Eloquent\Equality\ComparatorTest::testEquals with data set "Simple object comparison inequal (with non-object)" (stdClass, 'foo', false)
ok 23 - Eloquent\Equality\ComparatorTest::testEquals with data set "Object comparison equal" (Eloquent\Equality\TestFixture\ChildObject, Eloquent\Equality\TestFixture\ChildObject, true)
ok 24 - Eloquent\Equality\ComparatorTest::testEquals with data set "Object comparison inequal" (Eloquent\Equality\TestFixture\ChildObject, Eloquent\Equality\TestFixture\ChildObject, false)
ok 25 - Eloquent\Equality\ComparatorTest::testEquals with data set "Object comparison inequal (differing class)" (Eloquent\Equality\TestFixture\ChildObject, Eloquent\Equality\TestFixture\ParentObject, false)
ok 26 - Eloquent\Equality\ComparatorTest::testEquals with data set "Nested comparison equal (array inside object)" (Eloquent\Equality\TestFixture\ChildObject, Eloquent\Equality\TestFixture\ChildObject, true)
ok 27 - Eloquent\Equality\ComparatorTest::testEquals with data set "Nested comparison inequal (array inside object)" (Eloquent\Equality\TestFixture\ChildObject, Eloquent\Equality\TestFixture\ChildObject, false)
ok 28 - Eloquent\Equality\ComparatorTest::testEquals with data set "Nested comparison equal (object inside array)" (array('bar', Eloquent\Equality\TestFixture\ChildObject), array('bar', Eloquent\Equality\TestFixture\ChildObject), true)
ok 29 - Eloquent\Equality\ComparatorTest::testEquals with data set "Nested comparison inequal (object inside array)" (array('bar', Eloquent\Equality\TestFixture\ChildObject), array('bar', Eloquent\Equality\TestFixture\ChildObject), false)
ok 30 - Eloquent\Equality\ComparatorTest::testEquals with data set "Recursive object reference equal" (array('bar', stdClass), array('bar', stdClass), true)
ok 31 - Eloquent\Equality\ComparatorTest::testEquals with data set "Recursive object reference inequal" (array('bar', stdClass), array('bar', stdClass), false)
ok 32 - Eloquent\Equality\ComparatorTest::testEquals with data set "Recursive object reference equal (cross reference)" (array('bar', stdClass), array('bar', stdClass), true)
ok 33 - Eloquent\Equality\ComparatorTest::testEquals with data set "Recursive object reference inequal (cross reference)" (array('bar', stdClass), array('bar', stdClass), false)
ok 34 - Eloquent\Equality\ComparatorTest::testInvoke with data set "String comparison equal" ('foo', 'foo', true)
ok 35 - Eloquent\Equality\ComparatorTest::testInvoke with data set "String comparison inequal" ('foo', 'bar', false)
ok 36 - Eloquent\Equality\ComparatorTest::testInvoke with data set "String comparison inequal strict" ('0', 0, false)
ok 37 - Eloquent\Equality\ComparatorTest::testInvoke with data set "Integer comparison equal" (111, 111, true)
ok 38 - Eloquent\Equality\ComparatorTest::testInvoke with data set "Integer comparison inequal" (111, 222, false)
ok 39 - Eloquent\Equality\ComparatorTest::testInvoke with data set "Float comparison equal" (1.11, 1.11, true)
ok 40 - Eloquent\Equality\ComparatorTest::testInvoke with data set "Float comparison inequal" (1.11, 2.22, false)
ok 41 - Eloquent\Equality\ComparatorTest::testInvoke with data set "Boolean comparison equal" (true, true, true)
ok 42 - Eloquent\Equality\ComparatorTest::testInvoke with data set "Boolean comparison inequal" (true, false, false)
ok 43 - Eloquent\Equality\ComparatorTest::testInvoke with data set "Null comparison equal" (NULL, NULL, true)
ok 44 - Eloquent\Equality\ComparatorTest::testInvoke with data set "Null comparison inequal" (NULL, 0, false)
ok 45 - Eloquent\Equality\ComparatorTest::testInvoke with data set "Array comparison equal" (array('foo', 'bar'), array('foo', 'bar'), true)
ok 46 - Eloquent\Equality\ComparatorTest::testInvoke with data set "Array comparison inequal" (array('foo', 0), array('foo', NULL), false)
ok 47 - Eloquent\Equality\ComparatorTest::testInvoke with data set "Array comparison inequal (differing keys)" (array('foo', 'bar'), array('foo'), false)
ok 48 - Eloquent\Equality\ComparatorTest::testInvoke with data set "Array comparison inequal (with non-array)" (array('foo', 'bar'), 'foo', false)
ok 49 - Eloquent\Equality\ComparatorTest::testInvoke with data set "Associative array comparison equal" (array('bar', 'qux'), array('bar', 'qux'), true)
ok 50 - Eloquent\Equality\ComparatorTest::testInvoke with data set "Associative array comparison inequal" (array('bar', 0), array('bar', NULL), false)
ok 51 - Eloquent\Equality\ComparatorTest::testInvoke with data set "Associative array comparison inequal (differing keys)" (array('bar', 'qux'), array('bar'), false)
ok 52 - Eloquent\Equality\ComparatorTest::testInvoke with data set "Simple object comparison equal" (stdClass, stdClass, true)
ok 53 - Eloquent\Equality\ComparatorTest::testInvoke with data set "Simple object comparison inequal" (stdClass, stdClass, false)
ok 54 - Eloquent\Equality\ComparatorTest::testInvoke with data set "Simple object comparison inequal (differing properties)" (stdClass, stdClass, false)
ok 55 - Eloquent\Equality\ComparatorTest::testInvoke with data set "Simple object comparison inequal (with non-object)" (stdClass, 'foo', false)
ok 56 - Eloquent\Equality\ComparatorTest::testInvoke with data set "Object comparison equal" (Eloquent\Equality\TestFixture\ChildObject, Eloquent\Equality\TestFixture\ChildObject, true)
ok 57 - Eloquent\Equality\ComparatorTest::testInvoke with data set "Object comparison inequal" (Eloquent\Equality\TestFixture\ChildObject, Eloquent\Equality\TestFixture\ChildObject, false)
ok 58 - Eloquent\Equality\ComparatorTest::testInvoke with data set "Object comparison inequal (differing class)" (Eloquent\Equality\TestFixture\ChildObject, Eloquent\Equality\TestFixture\ParentObject, false)
ok 59 - Eloquent\Equality\ComparatorTest::testInvoke with data set "Nested comparison equal (array inside object)" (Eloquent\Equality\TestFixture\ChildObject, Eloquent\Equality\TestFixture\ChildObject, true)
ok 60 - Eloquent\Equality\ComparatorTest::testInvoke with data set "Nested comparison inequal (array inside object)" (Eloquent\Equality\TestFixture\ChildObject, Eloquent\Equality\TestFixture\ChildObject, false)
ok 61 - Eloquent\Equality\ComparatorTest::testInvoke with data set "Nested comparison equal (object inside array)" (array('bar', Eloquent\Equality\TestFixture\ChildObject), array('bar', Eloquent\Equality\TestFixture\ChildObject), true)
ok 62 - Eloquent\Equality\ComparatorTest::testInvoke with data set "Nested comparison inequal (object inside array)" (array('bar', Eloquent\Equality\TestFixture\ChildObject), array('bar', Eloquent\Equality\TestFixture\ChildObject), false)
ok 63 - Eloquent\Equality\ComparatorTest::testInvoke with data set "Recursive object reference equal" (array('bar', stdClass), array('bar', stdClass), true)
ok 64 - Eloquent\Equality\ComparatorTest::testInvoke with data set "Recursive object reference inequal" (array('bar', stdClass), array('bar', stdClass), false)
ok 65 - Eloquent\Equality\ComparatorTest::testInvoke with data set "Recursive object reference equal (cross reference)" (array('bar', stdClass), array('bar', stdClass), true)
ok 66 - Eloquent\Equality\ComparatorTest::testInvoke with data set "Recursive object reference inequal (cross reference)" (array('bar', stdClass), array('bar', stdClass), false)
ok 67 - Eloquent\Equality\ComparatorTest::testEqualsEqualityComparable
ok 68 - Eloquent\Equality\ComparatorTest::testIgnoreStaticProperty
1..68
